  CityScape.c
C:\GitHub\CityScape_Modelling-Code_ESP32-Arduino\C0_ArdunioESP32\InitialSetup\CityScape.c(38,22): warning C4047: 'function': 'char ***' differs in levels of indirection from 'char *[4]'
C:\GitHub\CityScape_Modelling-Code_ESP32-Arduino\C0_ArdunioESP32\InitialSetup\CityScape.c(38,22): warning C4024: 'led_init': different types for formal and actual parameter 2
C:\GitHub\CityScape_Modelling-Code_ESP32-Arduino\C0_ArdunioESP32\InitialSetup\CityScape.c(38,33): warning C4047: 'function': 'int *' differs in levels of indirection from 'int *[4][3]'
C:\GitHub\CityScape_Modelling-Code_ESP32-Arduino\C0_ArdunioESP32\InitialSetup\CityScape.c(38,33): warning C4024: 'led_init': different types for formal and actual parameter 3
C:\GitHub\CityScape_Modelling-Code_ESP32-Arduino\C0_ArdunioESP32\InitialSetup\CityScape.c(38,46): warning C4047: 'function': 'int **' differs in levels of indirection from 'int *[4][3]'
C:\GitHub\CityScape_Modelling-Code_ESP32-Arduino\C0_ArdunioESP32\InitialSetup\CityScape.c(38,46): warning C4024: 'led_init': different types for formal and actual parameter 4
C:\GitHub\CityScape_Modelling-Code_ESP32-Arduino\C0_ArdunioESP32\InitialSetup\CityScape.c(39,23): warning C4047: 'function': 'led_panel *' differs in levels of indirection from 'led_panel (*)[4]'
C:\GitHub\CityScape_Modelling-Code_ESP32-Arduino\C0_ArdunioESP32\InitialSetup\CityScape.c(39,23): warning C4024: 'debug_print_panel': different types for formal and actual parameter 1
C:\GitHub\CityScape_Modelling-Code_ESP32-Arduino\C0_ArdunioESP32\InitialSetup\CityScape.c(39,32): warning C4047: 'function': 'int *' differs in levels of indirection from 'int'
C:\GitHub\CityScape_Modelling-Code_ESP32-Arduino\C0_ArdunioESP32\InitialSetup\CityScape.c(39,32): warning C4024: 'debug_print_panel': different types for formal and actual parameter 2
C:\GitHub\CityScape_Modelling-Code_ESP32-Arduino\C0_ArdunioESP32\InitialSetup\CityScape.c(19,10): warning C4047: 'initializing': 'int *' differs in levels of indirection from 'int'
C:\GitHub\CityScape_Modelling-Code_ESP32-Arduino\C0_ArdunioESP32\InitialSetup\CityScape.c(25,10): warning C4047: 'initializing': 'int *' differs in levels of indirection from 'int'
C:\GitHub\CityScape_Modelling-Code_ESP32-Arduino\C0_ArdunioESP32\InitialSetup\CityScape.c(54,13): warning C4013: 'tolower' undefined; assuming extern returning int
C:\GitHub\CityScape_Modelling-Code_ESP32-Arduino\C0_ArdunioESP32\InitialSetup\CityScape.c(56,25): warning C4047: '=': 'int *' differs in levels of indirection from 'int'
C:\GitHub\CityScape_Modelling-Code_ESP32-Arduino\C0_ArdunioESP32\InitialSetup\CityScape.c(59,27): warning C4047: '=': 'int *' differs in levels of indirection from 'int'
C:\GitHub\CityScape_Modelling-Code_ESP32-Arduino\C0_ArdunioESP32\InitialSetup\CityScape.c(62,26): warning C4047: '=': 'int *' differs in levels of indirection from 'int'
C:\GitHub\CityScape_Modelling-Code_ESP32-Arduino\C0_ArdunioESP32\InitialSetup\CityScape.c(74,43): warning C4047: 'function': 'char' differs in levels of indirection from 'char *'
C:\GitHub\CityScape_Modelling-Code_ESP32-Arduino\C0_ArdunioESP32\InitialSetup\CityScape.c(74,43): warning C4024: 'change_led_color_single': different types for formal and actual parameter 2
C:\GitHub\CityScape_Modelling-Code_ESP32-Arduino\C0_ArdunioESP32\InitialSetup\CityScape.c(74,57): warning C4047: 'function': 'int' differs in levels of indirection from 'int *'
C:\GitHub\CityScape_Modelling-Code_ESP32-Arduino\C0_ArdunioESP32\InitialSetup\CityScape.c(74,57): warning C4024: 'change_led_color_single': different types for formal and actual parameter 3
C:\GitHub\CityScape_Modelling-Code_ESP32-Arduino\C0_ArdunioESP32\InitialSetup\CityScape.c(71,11): warning C4047: 'initializing': 'char *' differs in levels of indirection from 'int'
C:\GitHub\CityScape_Modelling-Code_ESP32-Arduino\C0_ArdunioESP32\InitialSetup\CityScape.c(80,19): warning C4013: 'strlen' undefined; assuming extern returning int
C:\GitHub\CityScape_Modelling-Code_ESP32-Arduino\C0_ArdunioESP32\InitialSetup\CityScape.c(98,62): warning C4028: formal parameter 3 different from declaration
C:\GitHub\CityScape_Modelling-Code_ESP32-Arduino\C0_ArdunioESP32\InitialSetup\CityScape.c(102,24): warning C4047: '=': 'char *' differs in levels of indirection from 'char **'
C:\GitHub\CityScape_Modelling-Code_ESP32-Arduino\C0_ArdunioESP32\InitialSetup\CityScape.c(122,23): warning C4047: '<': 'int' differs in levels of indirection from 'int *'
C:\GitHub\CityScape_Modelling-Code_ESP32-Arduino\C0_ArdunioESP32\InitialSetup\CityScape.c(124,16): warning C4477: 'printf' : format string '%d' requires an argument of type 'int', but variadic argument 1 has type 'int *'
C:\GitHub\CityScape_Modelling-Code_ESP32-Arduino\C0_ArdunioESP32\InitialSetup\CityScape.c(124,16): warning C4313: 'printf': '%d' in format string conflicts with argument 1 of type 'int *'
C:\GitHub\CityScape_Modelling-Code_ESP32-Arduino\C0_ArdunioESP32\InitialSetup\CityScape.c(125,16): warning C4477: 'printf' : format string '%d' requires an argument of type 'int', but variadic argument 1 has type 'int *'
C:\GitHub\CityScape_Modelling-Code_ESP32-Arduino\C0_ArdunioESP32\InitialSetup\CityScape.c(125,16): warning C4313: 'printf': '%d' in format string conflicts with argument 1 of type 'int *'
C:\GitHub\CityScape_Modelling-Code_ESP32-Arduino\C0_ArdunioESP32\InitialSetup\CityScape.c(126,16): warning C4477: 'printf' : format string '%d' requires an argument of type 'int', but variadic argument 1 has type 'int *'
C:\GitHub\CityScape_Modelling-Code_ESP32-Arduino\C0_ArdunioESP32\InitialSetup\CityScape.c(126,16): warning C4313: 'printf': '%d' in format string conflicts with argument 1 of type 'int *'
C:\GitHub\CityScape_Modelling-Code_ESP32-Arduino\C0_ArdunioESP32\InitialSetup\CityScape.c(127,16): warning C4477: 'printf' : format string '%d' requires an argument of type 'int', but variadic argument 1 has type 'int *'
C:\GitHub\CityScape_Modelling-Code_ESP32-Arduino\C0_ArdunioESP32\InitialSetup\CityScape.c(127,16): warning C4313: 'printf': '%d' in format string conflicts with argument 1 of type 'int *'
C:\GitHub\CityScape_Modelling-Code_ESP32-Arduino\C0_ArdunioESP32\InitialSetup\CityScape.c(128,16): warning C4477: 'printf' : format string '%d' requires an argument of type 'int', but variadic argument 1 has type 'int *'
C:\GitHub\CityScape_Modelling-Code_ESP32-Arduino\C0_ArdunioESP32\InitialSetup\CityScape.c(128,16): warning C4313: 'printf': '%d' in format string conflicts with argument 1 of type 'int *'
C:\GitHub\CityScape_Modelling-Code_ESP32-Arduino\C0_ArdunioESP32\InitialSetup\CityScape.c(129,16): warning C4477: 'printf' : format string '%d' requires an argument of type 'int', but variadic argument 1 has type 'int *'
C:\GitHub\CityScape_Modelling-Code_ESP32-Arduino\C0_ArdunioESP32\InitialSetup\CityScape.c(129,16): warning C4313: 'printf': '%d' in format string conflicts with argument 1 of type 'int *'
C:\GitHub\CityScape_Modelling-Code_ESP32-Arduino\C0_ArdunioESP32\InitialSetup\CityScape.c(130,16): warning C4477: 'printf' : format string '%d' requires an argument of type 'int', but variadic argument 1 has type 'int *'
C:\GitHub\CityScape_Modelling-Code_ESP32-Arduino\C0_ArdunioESP32\InitialSetup\CityScape.c(130,16): warning C4313: 'printf': '%d' in format string conflicts with argument 1 of type 'int *'
  CityScape.vcxproj -> C:\GitHub\CityScape_Modelling-Code_ESP32-Arduino\C0_ArdunioESP32\InitialSetup\x64\Debug\CityScape.exe
